
[1m[46m RUN [49m[22m [36mv4.0.18 [39m[90mC:/Users/lucas.oliveira/Desktop/ufba-delivery[39m

 [31mÔØ»[39m app/vendedor/__tests__/actions.test.ts [2m([22m[2m4 tests[22m[2m | [22m[31m1 failed[39m[2m | [22m[33m3 skipped[39m[2m)[22m[32m 5[2mms[22m[39m
     [2m[90mÔåô[39m[22m redirects to login if user is not authenticated
     [2m[90mÔåô[39m[22m redirects with error if missing fields
[31m     [31m├ù[31m updates profile data correctly without images[39m[32m 5[2mms[22m[39m
     [2m[90mÔåô[39m[22m handles image uploads if provided
node.exe : 
No linha:1 caractere:1
+ & "node" "C:\Users\lu
cas.oliveira\AppData\Ro
aming\npm/node_modules/
np ...
+ ~~~~~~~~~~~~~~~~~~~~~
~~~~~~~~~~~~~~~~~~~~~~~
~~~~~~~~~~~~~~~~~~~~~~~
~~
    + CategoryInfo     
         : NotSpecifi  
  ed: (:String) [],    
 RemoteException
    + FullyQualifiedEr 
   rorId : NativeComm  
  andError
 
[31mÔÄ»ÔÄ»ÔÄ»ÔÄ»ÔÄ»ÔÄ»
ÔÄ»[39m[1m[41m 
Failed Tests 1 [49m[2
2m[31mÔÄ»ÔÄ»ÔÄ»ÔÄ»ÔÄ»Ô
Ä»ÔÄ»[39m

[41m[1m FAIL 
[22m[49m app/vendedor
/__tests__/actions.test
.ts[2m > 
[22mupdateProfile 
action[2m > 
[22mupdates profile 
data correctly without 
images
[31m[1mError[22m: 
Invariant: static 
generation store 
missing in 
revalidatePath 
/vendedor/perfil[39m
[90m [2mÔØ»[22m 
revalidate node_modules
/next/dist/server/web/s
pec-extension/revalidat
e.js:[2m104:37[22m[3
9m
[90m [2mÔØ»[22m 
revalidatePath node_mod
ules/next/dist/server/w
eb/spec-extension/reval
idate.js:[2m98:12[22m
[39m
[36m [2mÔØ»[22m 
Module.updateProfile ap
p/vendedor/actions.ts:
[2m113:5[22m[39m
    [90m111| [39m    
}
    [90m112| [39m
    [90m113| [39m    
[34mrevalidatePath[39
m([32m'/vendedor/perfi
l'[39m)
    [90m   | [39m    
[31m^[39m
    [90m114| [39m    
[34mrevalidatePath[39
m([32m`/loja/[39m[36
m${[39muser[33m.[39m
id[36m}[39m[32m`[39
m)
    [90m115| [39m    
[34mredirect[39m([32
m'/vendedor/perfil?succ
ess=true'[39m)
[90m [2mÔØ»[22m app/
vendedor/__tests__/acti
ons.test.ts:[2m69:9[2
2m[39m

[31m[2mÔÄ»ÔÄ»ÔÄ»ÔÄ»ÔÄ
»ÔÄ»ÔÄ»ÔÄ»ÔÄ»ÔÄ»ÔÄ»ÔÄ»Ô
Ä»ÔÄ»ÔÄ»ÔÄ»ÔÄ»ÔÄ»ÔÄ»ÔÄ»
ÔÄ»ÔÄ»ÔÄ»ÔÄ»[1/1]ÔÄ»[2
2m[39m


[2m Test Files [22m [1m[31m1 failed[39m[22m[90m (1)[39m
[2m      Tests [22m [1m[31m1 failed[39m[22m[2m | [22m[33m3 skipped[39m[90m (4)[39m
[2m   Start at [22m 15:36:07
[2m   Duration [22m 9.06s[2m (transform 141ms, setup 1.16s, import 813ms, tests 5ms, environment 6.63s)[22m

